[backblue.gif]
[fade.gif]
[index.html]
[kodeforest.com/html/kickoff/images/logo.png]
[kodeforest.com/html/kickoff/extra-images/slide1.jpg]
[kodeforest.com/html/kickoff/extra-images/slide2.jpg]
[kodeforest.com/html/kickoff/extra-images/slide3.jpg]
[kodeforest.com/html/kickoff/extra-images/result-logo1.png]
[kodeforest.com/html/kickoff/extra-images/result-logo2.png]
[kodeforest.com/html/kickoff/extra-images/fixer-logo1.png]
[kodeforest.com/html/kickoff/extra-images/fixer-logo2.png]
[kodeforest.com/html/kickoff/extra-images/player-1.jpg]
[kodeforest.com/html/kickoff/extra-images/player-2.jpg]
[kodeforest.com/html/kickoff/extra-images/player-3.jpg]
[kodeforest.com/html/kickoff/extra-images/player-4.jpg]
[kodeforest.com/html/kickoff/extra-images/bloggird-1.jpg]
[kodeforest.com/html/kickoff/extra-images/bloggird-2.jpg]
[kodeforest.com/html/kickoff/extra-images/bloggird-3.jpg]
[kodeforest.com/html/kickoff/extra-images/gallery-list-1.jpg]
[kodeforest.com/html/kickoff/extra-images/gallery-list-2.jpg]
[kodeforest.com/html/kickoff/extra-images/gallery-list-3.jpg]
[kodeforest.com/html/kickoff/extra-images/gallery-list-4.jpg]
[kodeforest.com/html/kickoff/extra-images/gallery-list-5.jpg]
[kodeforest.com/html/kickoff/extra-images/gallery-list-6.jpg]
[kodeforest.com/html/kickoff/extra-images/shop-product1.jpg]
[kodeforest.com/html/kickoff/extra-images/shop-product2.jpg]
[kodeforest.com/html/kickoff/extra-images/shop-product3.jpg]
[kodeforest.com/html/kickoff/extra-images/testimonial-1.jpg]
[kodeforest.com/html/kickoff/extra-images/partner-logo2.jpg]
[kodeforest.com/html/kickoff/extra-images/partner-logo3.jpg]
[kodeforest.com/html/kickoff/extra-images/partner-logo4.jpg]
[kodeforest.com/html/kickoff/extra-images/partner-logo5.jpg]
[kodeforest.com/html/kickoff/extra-images/widgetgallery-2.jpg]
[kodeforest.com/html/kickoff/extra-images/widgetgallery-1.jpg]
[kodeforest.com/html/kickoff/extra-images/widgetgallery-3.jpg]
[kodeforest.com/html/kickoff/js/jquery.js]
[kodeforest.com/html/kickoff/js/bootstrap.min.js]
[kodeforest.com/html/kickoff/js/jquery.flexslider.js]
[kodeforest.com/html/kickoff/js/owl.carousel.min.js]
[kodeforest.com/html/kickoff/js/jquery.countdown.js]
[kodeforest.com/html/kickoff/js/waypoints-min.js]
[kodeforest.com/html/kickoff/js/jquery.bxslider.min.js]
[kodeforest.com/html/kickoff/js/bootstrap-progressbar.js]
[kodeforest.com/html/kickoff/js/jquery.accordion.js]
[kodeforest.com/html/kickoff/js/jquery.circlechart.js]
[kodeforest.com/html/kickoff/js/jquery.prettyphoto.js]
[kodeforest.com/html/kickoff/js/kode_pp.js]
[kodeforest.com/html/kickoff/js/functions.js]
[kodeforest.com/html/kickoff/index.html]
[kodeforest.com/html/kickoff/fonts/glyphicons-halflings-regular.eot]
[kodeforest.com/html/kickoff/fonts/glyphicons-halflings-regular.woff2]
[kodeforest.com/html/kickoff/fonts/glyphicons-halflings-regulard41d.eot]
[kodeforest.com/html/kickoff/fonts/glyphicons-halflings-regular.woff]
[kodeforest.com/html/kickoff/fonts/glyphicons-halflings-regular.ttf]
[kodeforest.com/html/kickoff/css/bootstrap.css]
[kodeforest.com/html/kickoff/fonts/fontawesome-webfont3295.eot]
[kodeforest.com/html/kickoff/fonts/fontawesome-webfontd41d.eot]
[kodeforest.com/html/kickoff/fonts/fontawesome-webfont3295.woff2]
[kodeforest.com/html/kickoff/fonts/fontawesome-webfont3295.woff]
[kodeforest.com/html/kickoff/fonts/fontawesome-webfont3295.ttf]
[kodeforest.com/html/kickoff/css/font-awesome.css]
[kodeforest.com/html/kickoff/extra-images/bg-football-para.jpg]
[kodeforest.com/html/kickoff/extra-images/pattren-bg1.jpg]
[kodeforest.com/html/kickoff/extra-images/undercunstruction-bg.jpg]
[kodeforest.com/html/kickoff/extra-images/teamfull-bg.jpg]
[kodeforest.com/html/kickoff/css/themetypo.css]
[kodeforest.com/html/kickoff/extra-images/footer-bg.jpg]
[kodeforest.com/html/kickoff/extra-images/bg-paralaxx-1.jpg]
[kodeforest.com/html/kickoff/images/pattren.png]
[kodeforest.com/html/kickoff/extra-images/crt-piont-table-bg.jpg]
[kodeforest.com/html/kickoff/extra-images/crkt-team-categories.jpg]
[kodeforest.com/html/kickoff/extra-images/crkt-footer-bg.jpg]
[kodeforest.com/html/kickoff/extra-images/tns-fixure-decbg.jpg]
[kodeforest.com/html/kickoff/extra-images/tns-midbar-bg.jpg]
[kodeforest.com/html/kickoff/extra-images/tns-gallery2-bg.jpg]
[kodeforest.com/html/kickoff/extra-images/tns-counterup.jpg]
[kodeforest.com/html/kickoff/extra-images/tns-testimonial-bg.jpg]
[kodeforest.com/html/kickoff/extra-images/tns-footerbg.jpg]
[kodeforest.com/html/kickoff/extra-images/spb-footer.jpg]
[kodeforest.com/html/kickoff/extra-images/spb-video-slider.jpg]
[kodeforest.com/html/kickoff/images/ftb-resultbg.jpg]
[kodeforest.com/html/kickoff/images/ftb-gallery-bg.jpg]
[kodeforest.com/html/kickoff/images/ftb-latestnew.jpg]
[kodeforest.com/html/kickoff/images/football-bg.jpg]
[kodeforest.com/html/kickoff/style.css]
[kodeforest.com/html/kickoff/css/widget.css]
[kodeforest.com/html/kickoff/css/color.css]
[kodeforest.com/html/kickoff/css/flexslider.css]
[kodeforest.com/html/kickoff/css/owl.carousel.css]
[kodeforest.com/html/kickoff/css/images/bx_loader.gif]
[kodeforest.com/html/kickoff/css/images/controls.png]
[kodeforest.com/html/kickoff/css/jquery.bxslider.css]
[kodeforest.com/html/kickoff/images/prettyPhoto/default/sprite.png]
[kodeforest.com/html/kickoff/images/prettyPhoto/default/sprite_x.png]
[kodeforest.com/html/kickoff/images/prettyPhoto/default/sprite_y.png]
[kodeforest.com/html/kickoff/images/prettyPhoto/default/sprite_next.png]
[kodeforest.com/html/kickoff/images/prettyPhoto/default/sprite_prev.png]
[kodeforest.com/html/kickoff/images/prettyPhoto/default/default_thumb.png]
[kodeforest.com/html/kickoff/images/prettyPhoto/default/loader.gif]
[kodeforest.com/html/kickoff/images/prettyPhoto/light_rounded/sprite.png]
[kodeforest.com/html/kickoff/images/prettyPhoto/light_rounded/btnNext.png]
[kodeforest.com/html/kickoff/images/prettyPhoto/light_rounded/btnPrevious.png]
[kodeforest.com/html/kickoff/images/prettyPhoto/light_rounded/loader.gif]
[kodeforest.com/html/kickoff/images/prettyPhoto/dark_rounded/sprite.png]
[kodeforest.com/html/kickoff/images/prettyPhoto/dark_rounded/contentPattern.png]
[kodeforest.com/html/kickoff/images/prettyPhoto/dark_rounded/btnNext.png]
[kodeforest.com/html/kickoff/images/prettyPhoto/dark_rounded/btnPrevious.png]
[kodeforest.com/html/kickoff/images/prettyPhoto/dark_rounded/loader.gif]
[kodeforest.com/html/kickoff/images/prettyPhoto/dark_square/loader.gif]
[kodeforest.com/html/kickoff/images/prettyPhoto/dark_square/sprite.png]
[kodeforest.com/html/kickoff/images/prettyPhoto/dark_square/btnNext.png]
[kodeforest.com/html/kickoff/images/prettyPhoto/dark_square/btnPrevious.png]
[kodeforest.com/html/kickoff/images/prettyPhoto/light_square/sprite.png]
[kodeforest.com/html/kickoff/images/prettyPhoto/light_square/btnNext.png]
[kodeforest.com/html/kickoff/images/prettyPhoto/light_square/btnPrevious.png]
[kodeforest.com/html/kickoff/images/prettyPhoto/facebook/sprite.png]
[kodeforest.com/html/kickoff/images/prettyPhoto/facebook/contentPatternTop.png]
[kodeforest.com/html/kickoff/images/prettyPhoto/facebook/contentPatternLeft.png]
[kodeforest.com/html/kickoff/images/prettyPhoto/facebook/contentPatternRight.png]
[kodeforest.com/html/kickoff/images/prettyPhoto/facebook/loader.gif]
[kodeforest.com/html/kickoff/images/prettyPhoto/facebook/btnNext.png]
[kodeforest.com/html/kickoff/images/prettyPhoto/facebook/btnPrevious.png]
[kodeforest.com/html/kickoff/images/prettyPhoto/facebook/contentPatternBottom.png]
[kodeforest.com/html/kickoff/images/prettyPhoto/facebook/default_thumbnail.gif]
[kodeforest.com/html/kickoff/css/prettyphoto.css]
[kodeforest.com/html/kickoff/css/responsive.css]
[kodeforest.com/html/kickoff/index-2.html]
[kodeforest.com/html/kickoff/extra-images/blogfull-width-1.jpg]
[kodeforest.com/html/kickoff/extra-images/blogfull-width-2.jpg]
[kodeforest.com/html/kickoff/extra-images/blogfull-width-3.jpg]
[kodeforest.com/html/kickoff/extra-images/recentblog-widget1.jpg]
[kodeforest.com/html/kickoff/extra-images/recentblog-widget2.jpg]
[kodeforest.com/html/kickoff/extra-images/recentblog-widget3.jpg]
[kodeforest.com/html/kickoff/extra-images/twitter-1.jpg]
[kodeforest.com/html/kickoff/blog-large.html]
[kodeforest.com/html/kickoff/extra-images/team-frame1.jpg]
[kodeforest.com/html/kickoff/team-info.html]
[kodeforest.com/html/kickoff/bloggrid-v2.html]
[kodeforest.com/html/kickoff/extra-images/recentblog-1.jpg]
[kodeforest.com/html/kickoff/extra-images/recentblog-2.jpg]
[kodeforest.com/html/kickoff/extra-images/recentblog-3.jpg]
[kodeforest.com/html/kickoff/extra-images/admin-1.jpg]
[kodeforest.com/html/kickoff/extra-images/comment1.jpg]
[kodeforest.com/html/kickoff/blog-detail.html]
[kodeforest.com/html/kickoff/blog-detail-soundcloud.html]
[kodeforest.com/html/kickoff/blog-detail-video.html]
[kodeforest.com/html/kickoff/fixer-list.html]
[kodeforest.com/html/kickoff/extra-images/fixer-logo3.png]
[kodeforest.com/html/kickoff/extra-images/fixer-logo4.png]
[kodeforest.com/html/kickoff/fixer_list.html]
[kodeforest.com/html/kickoff/fixer_list_view.html]
[kodeforest.com/html/kickoff/extra-images/fixer-logo5.png]
[kodeforest.com/html/kickoff/extra-images/fixer-logo6.png]
[kodeforest.com/html/kickoff/extra-images/fixer-logo7.png]
[kodeforest.com/html/kickoff/extra-images/fixer-logo8.png]
[kodeforest.com/html/kickoff/extra-images/fixer-logo9.png]
[kodeforest.com/html/kickoff/extra-images/fixer-logo10.png]
[kodeforest.com/html/kickoff/fixture_full_view.html]
[kodeforest.com/html/kickoff/fixture-detail.html]
[kodeforest.com/html/kickoff/gallery-full-width.html]
[kodeforest.com/html/kickoff/gallery-two.html]
[kodeforest.com/html/kickoff/gallery-three.html]
[kodeforest.com/html/kickoff/gallery-four.html]
[kodeforest.com/html/kickoff/player-list.html]
[kodeforest.com/html/kickoff/extra-images/player-detail-1.jpg]
[kodeforest.com/html/kickoff/player-detail.html]
[kodeforest.com/html/kickoff/team-detail.html]
[kodeforest.com/html/kickoff/faq.html]
[kodeforest.com/html/kickoff/product-list.html]
[kodeforest.com/html/kickoff/extra-images/shop-detail2.jpg]
[kodeforest.com/html/kickoff/extra-images/shop-detail1.jpg]
[kodeforest.com/html/kickoff/product-detail.html]
[kodeforest.com/html/kickoff/accordian.html]
[kodeforest.com/html/kickoff/button.html]
[kodeforest.com/html/kickoff/extra-images/frame1.jpg]
[kodeforest.com/html/kickoff/frame.html]
[kodeforest.com/html/kickoff/list.html]
[kodeforest.com/html/kickoff/map.html]
[kodeforest.com/html/kickoff/message.html]
[kodeforest.com/html/kickoff/sepratore.html]
[kodeforest.com/html/kickoff/skills.html]
[kodeforest.com/html/kickoff/table.html]
[kodeforest.com/html/kickoff/tabs.html]
[kodeforest.com/html/kickoff/video.html]
[kodeforest.com/html/kickoff/contact-us.html]
[kodeforest.com/html/kickoff/contact-ustwo.html]
[kodeforest.com/html/kickoff/fonts/glyphicons-halflings-regular.svg]
[kodeforest.com/html/kickoff/fonts/fontawesome-webfont3295.svg]
[kodeforest.com/html/kickoff/css/fonts/flexslider-icon.html]
[kodeforest.com/html/kickoff/css/fonts/flexslider-icond41d.html]
[kodeforest.com/html/kickoff/css/fonts/flexslider-icon-2.html]
[kodeforest.com/html/kickoff/css/fonts/flexslider-icon-3.html]
[kodeforest.com/html/kickoff/css/fonts/flexslider-icon-4.html]
[kodeforest.com/html/kickoff/css/owl.video.play.html]
[kodeforest.com/html/kickoff/inc/capcha_page.html]
[kodeforest.com/html/kickoff/inc/image.html]
